---
source: hume-editor/src/editor/tests/lsp_inlay_hints.rs
expression: snap
---
<fg=#808080,bg=#3a3a3a>  </><fg=#c8c8d2,bg=#3a3a3a>1 </><fg=#d0d0d0,bg=#3a3a3a>🎉 </><fg=#808080,bg=#3a3a3a><HINT></><fg=#d0d0d0,bg=#3a3a3a>party</>
<fg=#808080,bg=#1a1a1a>~</>
<fg=#808080,bg=#1a1a1a>~</>
<fg=#808080,bg=#1a1a1a>~</>
<fg=#808080,bg=#1a1a1a>~</>
<fg=#808080,bg=#1a1a1a>~</>
<fg=#808080,bg=#1a1a1a>~</>
<fg=#000000,bg=#ffffff> 1:7 *scratch* [+]                </><fg=#808080,bg=#ffffff>│</><fg=#000000,bg=#ffffff> NOR</>
