---
source: hume-editor/src/editor/tests/picker.rs
expression: snap
---
<fg=#808080,bg=#3a3a3a>  </><fg=#c8c8d2,bg=#3a3a3a>1</>
<fg=#808080,bg=#1a1a1a>~</>
<fg=#808080,bg=#1a1a1a>~   </><fg=#d0d0d0,bg=#1a1a1a>┌──────────────────────────────┐</>
<fg=#808080,bg=#1a1a1a>~   </><fg=#d0d0d0,bg=#1a1a1a>│zzz</><fg=#000000,bg=#ffffff> </><bg=#1a1a1a>                       </><fg=#d0d0d0,bg=#1a1a1a>0/2│</>
<fg=#808080,bg=#1a1a1a>~   </><fg=#d0d0d0,bg=#1a1a1a>│</><bg=#1a1a1a>                              </><fg=#d0d0d0,bg=#1a1a1a>│</>
<fg=#808080,bg=#1a1a1a>~   </><fg=#d0d0d0,bg=#1a1a1a>│</><bg=#1a1a1a>                              </><fg=#d0d0d0,bg=#1a1a1a>│</>
<fg=#808080,bg=#1a1a1a>~   </><fg=#d0d0d0,bg=#1a1a1a>│</><bg=#1a1a1a>                              </><fg=#d0d0d0,bg=#1a1a1a>│</>
<fg=#808080,bg=#1a1a1a>~   </><fg=#d0d0d0,bg=#1a1a1a>└──────────────────────────────┘</>
<fg=#808080,bg=#1a1a1a>~</>
<fg=#808080,bg=#1a1a1a>~</>
<fg=#808080,bg=#1a1a1a>~</>
<fg=#000000,bg=#ffffff> 1:1 *scratch*                    </><fg=#808080,bg=#ffffff>│</><fg=#000000,bg=#ffffff> NOR</>
