---
source: hume-editor/src/editor/tests/lsp_menu.rs
assertion_line: 211
expression: snap
---
<fg=#c8c8d2,bg=#3a3a3a>1 </><fg=#d0d0d0,bg=#3a3a3a>abcdefgh</>
<fg=#808080,bg=#1a1a1a>~ </><bg=#1a1a1a>        </><fg=#ffffff,bg=#50508c>Extract function</>
<fg=#808080,bg=#1a1a1a>~ </><bg=#1a1a1a>        </><fg=#b4b4c8,bg=#282832>Inline variable</>
<fg=#808080,bg=#1a1a1a>~</>
<fg=#808080,bg=#1a1a1a>~</>
<fg=#808080,bg=#1a1a1a>~</>
<fg=#808080,bg=#1a1a1a>~</>
<fg=#808080,bg=#1a1a1a>~</>
<fg=#808080,bg=#1a1a1a>~</>
<fg=#000000,bg=#ffffff> 1:9 [+]                          │ NOR</>
