---
source: hume-editor/src/editor/tests/scripting_grammar.rs
expression: "render_to_styled_string(&mut ed, rect)"
---
<fg=#6a7080,italic>// hi</>
<fg=#5bc0eb,bold>fn</><> </><fg=#e8c83a>main</><fg=#8c8ca0>()</><> </><fg=#8c8ca0>{</>
<>    </><fg=#5bc0eb,bold>let</><> x</><fg=#808080>:</><> </><fg=#5bc4b4,bold>u32</><> = </><fg=#c07ad8>1</><fg=#808080>;</>
<fg=#8c8ca0,bg=#3a3a3a>}</>
<fg=#808080>~</>
<fg=#808080>~</>
<fg=#808080>~</>
